// Jest Snapshot v1, https://goo.gl/fbAQLP

exports[`Create Postbox 1`] = `"<div id=\\"isso-root\\"></div><div class=\\"isso-postbox\\"><div class=\\"isso-form-wrapper\\"><div class=\\"isso-textarea-wrapper\\"><div class=\\"isso-textarea isso-placeholder\\" contenteditable=\\"true\\">Type Comment Here (at least 3 chars)</div><div class=\\"isso-preview\\"><div class=\\"isso-comment\\"><div class=\\"isso-text-wrapper\\"><div class=\\"isso-text\\"></div></div></div></div></div><section class=\\"isso-auth-section\\"><p class=\\"isso-input-wrapper\\"><input type=\\"text\\" name=\\"author\\" placeholder=\\"Name (optional)\\" value=\\"\\"></p><p class=\\"isso-input-wrapper\\"><input type=\\"email\\" name=\\"email\\" placeholder=\\"E-mail (optional)\\" value=\\"\\"></p><p class=\\"isso-input-wrapper\\"><input type=\\"text\\" name=\\"website\\" placeholder=\\"Website (optional)\\" value=\\"\\"></p><p class=\\"isso-post-action\\"><input type=\\"submit\\" value=\\"Submit\\"></p><p class=\\"isso-post-action\\"><input type=\\"button\\" name=\\"preview\\" value=\\"Preview\\"></p><p class=\\"isso-post-action\\"><input type=\\"button\\" name=\\"edit\\" value=\\"Edit\\"></p></section><section class=\\"isso-notification-section\\" style=\\"display: none;\\"><label><input type=\\"checkbox\\" name=\\"notification\\">Subscribe to email notification of replies</label></section></div></div>"`;
